Traceback (most recent call last):
  File "/Users/veneno/Projects/packages/flutter_chromium_webview/verification/allocation-profile-20261009/cdp_profile.py", line 113, in <module>
    p=argparse.ArgumentParser(); p.add_argument('--port',type=int,default=9229); p.add_argument('--output',required=True);p.add_argument('--prefix',default='youtube');p.add_argument('--seconds',type=int,default=1500);p.add_argument('--interval',type=int,default=30);p.add_argument('--harness');args=p.parse_args();asyncio.run(main(args))
                                                                                                                                                                                                                                                                                                                          ~~~~~~~~~~~^^^^^^^^^^^^
  File "/opt/homebrew/Cellar/python@3.14/3.14.3_1/Frameworks/Python.framework/Versions/3.14/lib/python3.14/asyncio/runners.py", line 204, in run
    return runner.run(main)
           ~~~~~~~~~~^^^^^^
  File "/opt/homebrew/Cellar/python@3.14/3.14.3_1/Frameworks/Python.framework/Versions/3.14/lib/python3.14/asyncio/runners.py", line 127, in run
    return self._loop.run_until_complete(task)
           ~~~~~~~~~~~~~~~~~~~~~~~~~~~~~^^^^^^
  File "/opt/homebrew/Cellar/python@3.14/3.14.3_1/Frameworks/Python.framework/Versions/3.14/lib/python3.14/asyncio/base_events.py", line 719, in run_until_complete
    return future.result()
           ~~~~~~~~~~~~~^^
  File "/Users/veneno/Projects/packages/flutter_chromium_webview/verification/allocation-profile-20261009/cdp_profile.py", line 63, in main
    targets=(await c.call('Target.getTargets'))['targetInfos']; active={t['targetId'] for t in targets}
             ^^^^^^^^^^^^^^^^^^^^^^^^^^^^^^^^^
  File "/Users/veneno/Projects/packages/flutter_chromium_webview/verification/allocation-profile-20261009/cdp_profile.py", line 43, in call
    await self.ws.send(json.dumps(data))
  File "/private/tmp/chromium-soak-plots/lib/python3.14/site-packages/websockets/asyncio/connection.py", line 473, in send
    async with self.send_context():
               ~~~~~~~~~~~~~~~~~^^
  File "/opt/homebrew/Cellar/python@3.14/3.14.3_1/Frameworks/Python.framework/Versions/3.14/lib/python3.14/contextlib.py", line 214, in __aenter__
    return await anext(self.gen)
           ^^^^^^^^^^^^^^^^^^^^^
  File "/private/tmp/chromium-soak-plots/lib/python3.14/site-packages/websockets/asyncio/connection.py", line 960, in send_context
    raise self.protocol.close_exc from original_exc
websockets.exceptions.ConnectionClosedError: no close frame received or sent
