00:00 +0: loading /Users/veneno/Projects/packages/flutter_chromium_webview/packages/flutter_chromium_webview/example/integration_test/allocation_profile_test.dart
The following plugins do not support Swift Package Manager for macos:
  - flutter_chromium_webview
This will become an error in a future version of Flutter. Please contact the plugin maintainers to request Swift Package Manager adoption.
Plugin flutter_chromium_webview does not have Swift Package Manager support for macos. Consider adding Swift Package Manager compatibility to your plugin. See https://docs.flutter.dev/packages-and-plugins/swift-package-manager/for-plugin-authors for more information.
Building macOS application...                                   
✓ Built build/macos/Build/Products/Debug/flutter_chromium_webview_example.app
Failed to foreground app; open returned 1
00:00 +0: renderer allocation workload
SOAK_SAMPLE 0 min elapsed=0.282 position=null hostPid=14671 metal=2 software=0 fd=102 processes=6
SOAK_SAMPLE 30s elapsed=30.353 position=null hostPid=14671 metal=2 software=0 fd=121 processes=6
SOAK_SAMPLE 60s elapsed=60.355 position=null hostPid=14671 metal=2 software=0 fd=121 processes=6
SOAK_SAMPLE 90s elapsed=90.37 position=null hostPid=14671 metal=2 software=0 fd=124 processes=6
SOAK_SAMPLE 120s elapsed=120.386 position=null hostPid=14671 metal=2 software=0 fd=126 processes=6
SOAK_SAMPLE 150s elapsed=150.414 position=null hostPid=14671 metal=2 software=0 fd=126 processes=6
SOAK_SAMPLE 180s elapsed=180.418 position=null hostPid=14671 metal=2 software=0 fd=126 processes=6
SOAK_SAMPLE 210s elapsed=210.452 position=null hostPid=14671 metal=2 software=0 fd=126 processes=6
SOAK_SAMPLE 240s elapsed=240.515 position=null hostPid=14671 metal=2 software=0 fd=126 processes=6
SOAK_SAMPLE 270s elapsed=270.72 position=null hostPid=14671 metal=2 software=0 fd=126 processes=6
SOAK_SAMPLE 300s elapsed=300.942 position=null hostPid=14671 metal=2 software=0 fd=126 processes=6
SOAK_SAMPLE 330s elapsed=331.169 position=null hostPid=14671 metal=2 software=0 fd=126 processes=6
SOAK_SAMPLE 360s elapsed=360.286 position=null hostPid=14671 metal=2 software=0 fd=126 processes=6
SOAK_SAMPLE 390s elapsed=390.318 position=null hostPid=14671 metal=2 software=0 fd=126 processes=6
SOAK_SAMPLE 420s elapsed=420.328 position=null hostPid=14671 metal=2 software=0 fd=126 processes=6
SOAK_SAMPLE 450s elapsed=450.318 position=null hostPid=14671 metal=2 software=0 fd=126 processes=6
SOAK_SAMPLE 480s elapsed=480.304 position=null hostPid=14671 metal=2 software=0 fd=126 processes=6
SOAK_SAMPLE 510s elapsed=510.303 position=null hostPid=14671 metal=2 software=0 fd=126 processes=6
SOAK_SAMPLE 540s elapsed=540.363 position=null hostPid=14671 metal=2 software=0 fd=126 processes=6
09:11 +0: loading /Users/veneno/Projects/packages/flutter_chromium_webview/packages/flutter_chromium_webview/example/integration_test/allocation_profile_test.dart
Some possible finders for the widgets at Offset(513.8, 299.6):
  find.byType(Positioned)
  find.byType(Stack)
  find.byType(Listener)
  find.byType(MouseRegion)
  find.byType(OverlayPortal)
  find.byElementType(InheritedModelElement<_MediaQueryAspect>)
  find.byElementType(StatelessElement)
Some possible finders for the widgets at Offset(883.7, 242.4):
  find.byType(Positioned)
  find.byType(Stack)
  find.byType(Listener)
  find.byType(MouseRegion)
  find.byType(OverlayPortal)
  find.byElementType(InheritedModelElement<_MediaQueryAspect>)
  find.byElementType(StatelessElement)
Some possible finders for the widgets at Offset(883.8, 188.9):
  find.byType(Positioned)
  find.byType(Stack)
  find.byType(Listener)
  find.byType(MouseRegion)
  find.byType(OverlayPortal)
  find.byElementType(InheritedModelElement<_MediaQueryAspect>)
  find.byElementType(StatelessElement)
Some possible finders for the widgets at Offset(608.0, 315.4):
  find.byType(Positioned)
  find.byType(Stack)
  find.byType(Listener)
  find.byType(MouseRegion)
  find.byType(OverlayPortal)
  find.byElementType(InheritedModelElement<_MediaQueryAspect>)
  find.byElementType(StatelessElement)
09:33 +0: renderer allocation workload
SOAK_SAMPLE 570s elapsed=570.526 position=null hostPid=14671 metal=2 software=0 fd=126 processes=6
SOAK_SAMPLE 600s elapsed=600.68 position=null hostPid=14671 metal=2 software=0 fd=126 processes=6
SOAK_SAMPLE final elapsed=601.088 position=null hostPid=14671 metal=2 software=0 fd=126 processes=6
11:15 +1: (tearDownAll)
11:20 +1: All tests passed!
